Archive member included to satisfy reference by file (symbol)

D:/tools/STM32CubeIDE_1.14.1/STM32CubeIDE/plugins/com.st.stm32cube.ide.mcu.externaltools.gnu-tools-for-stm32.11.3.rel1.win32_1.1.100.202309141235/tools/bin/../lib/gcc/arm-none-eabi/11.3.1/../../../../arm-none-eabi/lib/thumb/v8-m.main+fp/hard\libc_nano.a(libc_a-exit.o)
                              D:/tools/STM32CubeIDE_1.14.1/STM32CubeIDE/plugins/com.st.stm32cube.ide.mcu.externaltools.gnu-tools-for-stm32.11.3.rel1.win32_1.1.100.202309141235/tools/bin/../lib/gcc/arm-none-eabi/11.3.1/../../../../arm-none-eabi/lib/thumb/v8-m.main+fp/hard/crt0.o (exit)
D:/tools/STM32CubeIDE_1.14.1/STM32CubeIDE/plugins/com.st.stm32cube.ide.mcu.externaltools.gnu-tools-for-stm32.11.3.rel1.win32_1.1.100.202309141235/tools/bin/../lib/gcc/arm-none-eabi/11.3.1/../../../../arm-none-eabi/lib/thumb/v8-m.main+fp/hard\libc_nano.a(libc_a-findfp.o)
                              D:/tools/STM32CubeIDE_1.14.1/STM32CubeIDE/plugins/com.st.stm32cube.ide.mcu.externaltools.gnu-tools-for-stm32.11.3.rel1.win32_1.1.100.202309141235/tools/bin/../lib/gcc/arm-none-eabi/11.3.1/../../../../arm-none-eabi/lib/thumb/v8-m.main+fp/hard\libc_nano.a(libc_a-exit.o) (__stdio_exit_handler)
D:/tools/STM32CubeIDE_1.14.1/STM32CubeIDE/plugins/com.st.stm32cube.ide.mcu.externaltools.gnu-tools-for-stm32.11.3.rel1.win32_1.1.100.202309141235/tools/bin/../lib/gcc/arm-none-eabi/11.3.1/../../../../arm-none-eabi/lib/thumb/v8-m.main+fp/hard\libc_nano.a(libc_a-fwalk.o)
                              D:/tools/STM32CubeIDE_1.14.1/STM32CubeIDE/plugins/com.st.stm32cube.ide.mcu.externaltools.gnu-tools-for-stm32.11.3.rel1.win32_1.1.100.202309141235/tools/bin/../lib/gcc/arm-none-eabi/11.3.1/../../../../arm-none-eabi/lib/thumb/v8-m.main+fp/hard\libc_nano.a(libc_a-findfp.o) (_fwalk_sglue)
D:/tools/STM32CubeIDE_1.14.1/STM32CubeIDE/plugins/com.st.stm32cube.ide.mcu.externaltools.gnu-tools-for-stm32.11.3.rel1.win32_1.1.100.202309141235/tools/bin/../lib/gcc/arm-none-eabi/11.3.1/../../../../arm-none-eabi/lib/thumb/v8-m.main+fp/hard\libc_nano.a(libc_a-stdio.o)
                              D:/tools/STM32CubeIDE_1.14.1/STM32CubeIDE/plugins/com.st.stm32cube.ide.mcu.externaltools.gnu-tools-for-stm32.11.3.rel1.win32_1.1.100.202309141235/tools/bin/../lib/gcc/arm-none-eabi/11.3.1/../../../../arm-none-eabi/lib/thumb/v8-m.main+fp/hard\libc_nano.a(libc_a-findfp.o) (__sread)
D:/tools/STM32CubeIDE_1.14.1/STM32CubeIDE/plugins/com.st.stm32cube.ide.mcu.externaltools.gnu-tools-for-stm32.11.3.rel1.win32_1.1.100.202309141235/tools/bin/../lib/gcc/arm-none-eabi/11.3.1/../../../../arm-none-eabi/lib/thumb/v8-m.main+fp/hard\libc_nano.a(libc_a-memset.o)
                              D:/tools/STM32CubeIDE_1.14.1/STM32CubeIDE/plugins/com.st.stm32cube.ide.mcu.externaltools.gnu-tools-for-stm32.11.3.rel1.win32_1.1.100.202309141235/tools/bin/../lib/gcc/arm-none-eabi/11.3.1/../../../../arm-none-eabi/lib/thumb/v8-m.main+fp/hard/crt0.o (memset)
D:/tools/STM32CubeIDE_1.14.1/STM32CubeIDE/plugins/com.st.stm32cube.ide.mcu.externaltools.gnu-tools-for-stm32.11.3.rel1.win32_1.1.100.202309141235/tools/bin/../lib/gcc/arm-none-eabi/11.3.1/../../../../arm-none-eabi/lib/thumb/v8-m.main+fp/hard\libc_nano.a(libc_a-closer.o)
                              D:/tools/STM32CubeIDE_1.14.1/STM32CubeIDE/plugins/com.st.stm32cube.ide.mcu.externaltools.gnu-tools-for-stm32.11.3.rel1.win32_1.1.100.202309141235/tools/bin/../lib/gcc/arm-none-eabi/11.3.1/../../../../arm-none-eabi/lib/thumb/v8-m.main+fp/hard\libc_nano.a(libc_a-stdio.o) (_close_r)
D:/tools/STM32CubeIDE_1.14.1/STM32CubeIDE/plugins/com.st.stm32cube.ide.mcu.externaltools.gnu-tools-for-stm32.11.3.rel1.win32_1.1.100.202309141235/tools/bin/../lib/gcc/arm-none-eabi/11.3.1/../../../../arm-none-eabi/lib/thumb/v8-m.main+fp/hard\libc_nano.a(libc_a-reent.o)
                              D:/tools/STM32CubeIDE_1.14.1/STM32CubeIDE/plugins/com.st.stm32cube.ide.mcu.externaltools.gnu-tools-for-stm32.11.3.rel1.win32_1.1.100.202309141235/tools/bin/../lib/gcc/arm-none-eabi/11.3.1/../../../../arm-none-eabi/lib/thumb/v8-m.main+fp/hard\libc_nano.a(libc_a-closer.o) (errno)
D:/tools/STM32CubeIDE_1.14.1/STM32CubeIDE/plugins/com.st.stm32cube.ide.mcu.externaltools.gnu-tools-for-stm32.11.3.rel1.win32_1.1.100.202309141235/tools/bin/../lib/gcc/arm-none-eabi/11.3.1/../../../../arm-none-eabi/lib/thumb/v8-m.main+fp/hard\libc_nano.a(libc_a-impure.o)
                              D:/tools/STM32CubeIDE_1.14.1/STM32CubeIDE/plugins/com.st.stm32cube.ide.mcu.externaltools.gnu-tools-for-stm32.11.3.rel1.win32_1.1.100.202309141235/tools/bin/../lib/gcc/arm-none-eabi/11.3.1/../../../../arm-none-eabi/lib/thumb/v8-m.main+fp/hard\libc_nano.a(libc_a-reent.o) (_impure_ptr)
D:/tools/STM32CubeIDE_1.14.1/STM32CubeIDE/plugins/com.st.stm32cube.ide.mcu.externaltools.gnu-tools-for-stm32.11.3.rel1.win32_1.1.100.202309141235/tools/bin/../lib/gcc/arm-none-eabi/11.3.1/../../../../arm-none-eabi/lib/thumb/v8-m.main+fp/hard\libc_nano.a(libc_a-lseekr.o)
[...]
Memory Configuration

Name             Origin             Length             Attributes
RAM              0x0000000020000000 0x0000000000030000 xrw
FLASH            0x0000000008000000 0x0000000000200000 xr
*default*        0x0000000000000000 0xffffffffffffffff

Linker script and memory map

LOAD D:/tools/STM32CubeIDE_1.14.1/STM32CubeIDE/plugins/com.st.stm32cube.ide.mcu.externaltools.gnu-tools-for-stm32.11.3.rel1.win32_1.1.100.202309141235/tools/bin/../lib/gcc/arm-none-eabi/11.3.1/thumb/v8-m.main+fp/hard/crti.o
LOAD D:/tools/STM32CubeIDE_1.14.1/STM32CubeIDE/plugins/com.st.stm32cube.ide.mcu.externaltools.gnu-tools-for-stm32.11.3.rel1.win32_1.1.100.202309141235/tools/bin/../lib/gcc/arm-none-eabi/11.3.1/thumb/v8-m.main+fp/hard/crtbegin.o
LOAD D:/tools/STM32CubeIDE_1.14.1/STM32CubeIDE/plugins/com.st.stm32cube.ide.mcu.externaltools.gnu-tools-for-stm32.11.3.rel1.win32_1.1.100.202309141235/tools/bin/../lib/gcc/arm-none-eabi/11.3.1/../../../../arm-none-eabi/lib/thumb/v8-m.main+fp/hard/crt0.o
LOAD ./Core/Src/main.o
LOAD ./Core/Src/stm32u5xx_hal_msp.o
LOAD ./Core/Src/stm32u5xx_it.o
LOAD ./Core/Src/syscalls.o
LOAD ./Core/Src/system_stm32u5xx.o
LOAD ./Core/Startup/startup_stm32u575zitxq.o
LOAD ./Drivers/STM32U5xx_HAL_Driver/Src/stm32u5xx_hal.o
LOAD ./Drivers/STM32U5xx_HAL_Driver/Src/stm32u5xx_hal_cortex.o
LOAD ./Drivers/STM32U5xx_HAL_Driver/Src/stm32u5xx_hal_dma.o
LOAD ./Drivers/STM32U5xx_HAL_Driver/Src/stm32u5xx_hal_dma_ex.o
LOAD ./Drivers/STM32U5xx_HAL_Driver/Src/stm32u5xx_hal_exti.o
LOAD ./Drivers/STM32U5xx_HAL_Driver/Src/stm32u5xx_hal_flash.o
LOAD ./Drivers/STM32U5xx_HAL_Driver/Src/stm32u5xx_hal_flash_ex.o
LOAD ./Drivers/STM32U5xx_HAL_Driver/Src/stm32u5xx_hal_gpio.o
LOAD ./Drivers/STM32U5xx_HAL_Driver/Src/stm32u5xx_hal_gtzc.o
LOAD ./Drivers/STM32U5xx_HAL_Driver/Src/stm32u5xx_hal_i2c.o
LOAD ./Drivers/STM32U5xx_HAL_Driver/Src/stm32u5xx_hal_i2c_ex.o
LOAD ./Drivers/STM32U5xx_HAL_Driver/Src/stm32u5xx_hal_icache.o
LOAD ./Drivers/STM32U5xx_HAL_Driver/Src/stm32u5xx_hal_pwr.o
LOAD ./Drivers/STM32U5xx_HAL_Driver/Src/stm32u5xx_hal_pwr_ex.o
LOAD ./Drivers/STM32U5xx_HAL_Driver/Src/stm32u5xx_hal_rcc.o
LOAD ./Drivers/STM32U5xx_HAL_Driver/Src/stm32u5xx_hal_rcc_ex.o
LOAD ./Drivers/STM32U5xx_HAL_Driver/Src/stm32u5xx_hal_tim.o
LOAD ./Drivers/STM32U5xx_HAL_Driver/Src/stm32u5xx_hal_tim_ex.o
LOAD ./Third_Party/FreeRTOS/croutine.o
LOAD ./Third_Party/FreeRTOS/event_groups.o
LOAD ./Third_Party/FreeRTOS/list.o
LOAD ./Third_Party/FreeRTOS/queue.o
LOAD ./Third_Party/FreeRTOS/stream_buffer.o
LOAD ./Third_Party/FreeRTOS/tasks.o
LOAD ./Third_Party/FreeRTOS/timers.o
LOAD ./Third_Party/FreeRTOS/portable/Common/mpu_wrappers.o
LOAD ./Third_Party/FreeRTOS/portable/GCC/ARM_CM33_NTZ/non_secure/port.o
LOAD ./Third_Party/FreeRTOS/portable/GCC/ARM_CM33_NTZ/non_secure/portasm.o
LOAD ./Third_Party/FreeRTOS/portable/MemMang/heap_4.o
START GROUP
LOAD D:/tools/STM32CubeIDE_1.14.1/STM32CubeIDE/plugins/com.st.stm32cube.ide.mcu.externaltools.gnu-tools-for-stm32.11.3.rel1.win32_1.1.100.202309141235/tools/bin/../lib/gcc/arm-none-eabi/11.3.1/../../../../arm-none-eabi/lib/thumb/v8-m.main+fp/hard\libc_nano.a
LOAD D:/tools/STM32CubeIDE_1.14.1/STM32CubeIDE/plugins/com.st.stm32cube.ide.mcu.externaltools.gnu-tools-for-stm32.11.3.rel1.win32_1.1.100.202309141235/tools/bin/../lib/gcc/arm-none-eabi/11.3.1/../../../../arm-none-eabi/lib/thumb/v8-m.main+fp/hard\libm.a
END GROUP
START GROUP
LOAD D:/tools/STM32CubeIDE_1.14.1/STM32CubeIDE/plugins/com.st.stm32cube.ide.mcu.externaltools.gnu-tools-for-stm32.11.3.rel1.win32_1.1.100.202309141235/tools/bin/../lib/gcc/arm-none-eabi/11.3.1/thumb/v8-m.main+fp/hard\libgcc.a
LOAD D:/tools/STM32CubeIDE_1.14.1/STM32CubeIDE/plugins/com.st.stm32cube.ide.mcu.externaltools.gnu-tools-for-stm32.11.3.rel1.win32_1.1.100.202309141235/tools/bin/../lib/gcc/arm-none-eabi/11.3.1/../../../../arm-none-eabi/lib/thumb/v8-m.main+fp/hard\libc_nano.a
END GROUP
START GROUP
LOAD D:/tools/STM32CubeIDE_1.14.1/STM32CubeIDE/plugins/com.st.stm32cube.ide.mcu.externaltools.gnu-tools-for-stm32.11.3.rel1.win32_1.1.100.202309141235/tools/bin/../lib/gcc/arm-none-eabi/11.3.1/thumb/v8-m.main+fp/hard\libgcc.a
LOAD D:/tools/STM32CubeIDE_1.14.1/STM32CubeIDE/plugins/com.st.stm32cube.ide.mcu.externaltools.gnu-tools-for-stm32.11.3.rel1.win32_1.1.100.202309141235/tools/bin/../lib/gcc/arm-none-eabi/11.3.1/../../../../arm-none-eabi/lib/thumb/v8-m.main+fp/hard\libc_nano.a
LOAD D:/tools/STM32CubeIDE_1.14.1/STM32CubeIDE/plugins/com.st.stm32cube.ide.mcu.externaltools.gnu-tools-for-stm32.11.3.rel1.win32_1.1.100.202309141235/tools/bin/../lib/gcc/arm-none-eabi/11.3.1/../../../../arm-none-eabi/lib/thumb/v8-m.main+fp/hard\libnosys.a
END GROUP
START GROUP
LOAD D:/tools/STM32CubeIDE_1.14.1/STM32CubeIDE/plugins/com.st.stm32cube.ide.mcu.externaltools.gnu-tools-for-stm32.11.3.rel1.win32_1.1.100.202309141235/tools/bin/../lib/gcc/arm-none-eabi/11.3.1/thumb/v8-m.main+fp/hard\libgcc.a
LOAD D:/tools/STM32CubeIDE_1.14.1/STM32CubeIDE/plugins/com.st.stm32cube.ide.mcu.externaltools.gnu-tools-for-stm32.11.3.rel1.win32_1.1.100.202309141235/tools/bin/../lib/gcc/arm-none-eabi/11.3.1/../../../../arm-none-eabi/lib/thumb/v8-m.main+fp/hard\libc_nano.a
LOAD D:/tools/STM32CubeIDE_1.14.1/STM32CubeIDE/plugins/com.st.stm32cube.ide.mcu.externaltools.gnu-tools-for-stm32.11.3.rel1.win32_1.1.100.202309141235/tools/bin/../lib/gcc/arm-none-eabi/11.3.1/../../../../arm-none-eabi/lib/thumb/v8-m.main+fp/hard\libnosys.a
END GROUP
LOAD D:/tools/STM32CubeIDE_1.14.1/STM32CubeIDE/plugins/com.st.stm32cube.ide.mcu.externaltools.gnu-tools-for-stm32.11.3.rel1.win32_1.1.100.202309141235/tools/bin/../lib/gcc/arm-none-eabi/11.3.1/thumb/v8-m.main+fp/hard/crtend.o
LOAD D:/tools/STM32CubeIDE_1.14.1/STM32CubeIDE/plugins/com.st.stm32cube.ide.mcu.externaltools.gnu-tools-for-stm32.11.3.rel1.win32_1.1.100.202309141235/tools/bin/../lib/gcc/arm-none-eabi/11.3.1/thumb/v8-m.main+fp/hard/crtn.o
                0x0000000020030000                _estack = (ORIGIN (RAM) + LENGTH (RAM))
                0x0000000000000200                _Min_Heap_Size = 0x200
                0x0000000000000400                _Min_Stack_Size = 0x400
                0x0000000000008000                __privileged_functions_region_size__ = 0x8000
                0x0000000000008000                __privileged_data_region_size__ = 0x8000
                0x0000000008000000                __FLASH_segment_start__ = ORIGIN (FLASH)
                0x0000000008200000                __FLASH_segment_end__ = (__FLASH_segment_start__ + LENGTH (FLASH))
                0x0000000020000000                __SRAM_segment_start__ = ORIGIN (RAM)
                0x0000000020030000                __SRAM_segment_end__ = (__SRAM_segment_start__ + LENGTH (RAM))
                0x0000000008000000                __privileged_functions_start__ = __FLASH_segment_start__
                0x0000000008008000                __privileged_functions_end__ = (__FLASH_segment_start__ + __privileged_functions_region_size__)
                0x0000000020000000                __privileged_sram_start__ = __SRAM_segment_start__
                0x0000000020008000                __privileged_sram_end__ = (__SRAM_segment_start__ + __privileged_data_region_size__)
                0x0000000008008f00                __unprivileged_flash_start__ = 0x8008f00
                0x0000000008200000                __unprivileged_flash_end__ = __FLASH_segment_end__

.privileged_functions
                0x0000000008000000     0x8000
                0x0000000008000000                . = ALIGN (0x4)
 *(.isr_vector)
 .isr_vector    0x0000000008000000      0x238 ./Core/Startup/startup_stm32u575zitxq.o
                0x0000000008000000                g_pfnVectors
                0x0000000008000238                . = ALIGN (0x4)
 *(privileged_functions)
 privileged_functions
                0x0000000008000238      0x168 ./Third_Party/FreeRTOS/list.o
                0x0000000008000238                vListInitialise
                0x0000000008000278                vListInitialiseItem
                0x0000000008000292                vListInsert
                0x0000000008000304                vListInsertEnd
                0x000000000800034c                uxListRemove
 privileged_functions
                0x00000000080003a0     0x1260 ./Third_Party/FreeRTOS/queue.o
                0x00000000080003a0                xQueueGenericSend
                0x0000000008000532                xQueuePeek
                0x00000000080006a8                xQueuePeekFromISR
                0x000000000800072a                xQueueReceive
                0x000000000800089c                uxQueueMessagesWaiting
                0x00000000080008c8                uxQueueSpacesAvailable
                0x00000000080008fe                vQueueDelete
                0x000000000800092a                xQueueGenericSendFromISR
                0x0000000008000a2a                xQueueGiveFromISR
                0x0000000008000b0e                xQueueReceiveFromISR
                0x0000000008000be8                xQueueIsQueueEmptyFromISR
                0x0000000008000c1c                xQueueIsQueueFullFromISR
                0x0000000008000c54                uxQueueMessagesWaitingFromISR
                0x0000000008000c7c                xQueueCreateMutex
                0x0000000008000cac                xQueueCreateCountingSemaphore
                0x0000000008000cf8                xQueueSemaphoreTake
                0x0000000008000ea6                xQueueGetMutexHolder
                0x0000000008000ee4                xQueueGetMutexHolderFromISR
                0x0000000008000f16                xQueueTakeMutexRecursive
                0x0000000008000f72                xQueueGiveMutexRecursive
                0x0000000008000fca                vQueueAddToRegistry
                0x0000000008001054                vQueueUnregisterQueue
                0x00000000080010b0                pcQueueGetName
                0x0000000008001104                xQueueGenericCreate
                0x0000000008001190                vQueueWaitForMessageRestricted
                0x00000000080011f8                xQueueGenericReset
                0x00000000080012e6                vQueueSetQueueNumber
                0x0000000008001302                uxQueueGetQueueNumber
                0x000000000800131a                ucQueueGetQueueType
 privileged_functions
                0x0000000008001600     0x2814 ./Third_Party/FreeRTOS/tasks.o
                0x0000000008001600                xTaskCreate
                0x0000000008001694                xTaskCreateRestricted
                0x0000000008001724                vTaskAllocateMPURegions
                0x0000000008001758                vTaskDelete
                0x0000000008001828                vTaskDelay
                0x0000000008001870                xTaskDelayUntil
                0x000000000800192c                uxTaskPriorityGet
                0x0000000008001960                uxTaskPriorityGetFromISR
                0x0000000008001998                eTaskGetState
                0x0000000008001a6c                vTaskGetInfo
                0x0000000008001b38                vTaskPrioritySet
                0x0000000008001ca8                vTaskSuspend
                0x0000000008001d8c                vTaskResume
                0x0000000008001e7c                vTaskStartScheduler
                0x0000000008001f00                vTaskEndScheduler
                0x0000000008001f1c                vTaskSuspendAll
                0x0000000008001f38                xTaskResumeAll
                0x0000000008002114                xTaskGetTickCount
                0x0000000008002134                xTaskGetTickCountFromISR
                0x0000000008002158                uxTaskGetNumberOfTasks
                0x0000000008002170                pcTaskGetName
                0x00000000080021a4                uxTaskGetStackHighWaterMark
                0x00000000080021dc                uxTaskGetSystemState
                0x00000000080022f8                xTaskGenericNotify
                0x00000000080024ec                xTaskGenericNotifyFromISR
                0x0000000008002748                xTaskGenericNotifyWait
                0x0000000008002828                vTaskGenericNotifyGiveFromISR
                0x00000000080029e4                ulTaskGenericNotifyTake
                0x0000000008002a94                xTaskGenericNotifyStateClear
                0x0000000008002af8                ulTaskGenericNotifyValueClear
                0x0000000008002b54                vTaskSetTimeOutState
                0x0000000008002b90                xTaskCheckForTimeOut
                0x0000000008002c3c                xTaskCatchUpTicks
                0x0000000008002c84                xTaskIncrementTick
                0x0000000008002ea4                vTaskPlaceOnEventList
                0x0000000008002edc                vTaskPlaceOnUnorderedEventList
                0x0000000008002f68                vTaskPlaceOnEventListRestricted
                0x0000000008002fe4                xTaskRemoveFromEventList
                0x0000000008003180                vTaskRemoveFromUnorderedEventList
                0x00000000080032e0                vTaskSwitchContext
                0x0000000008003388                uxTaskResetEventItemValue
                0x00000000080033b8                xTaskGetCurrentTaskHandle
                0x00000000080033d8                vTaskMissedYield
                0x00000000080033f0                xTaskGetSchedulerState
                0x000000000800342c                xTaskPriorityInherit
                0x0000000008003550                xTaskPriorityDisinherit
                0x000000000800365c                vTaskPriorityDisinheritAfterTimeout
                0x0000000008003794                uxTaskGetTaskNumber
                0x00000000080037c0                vTaskSetTaskNumber
                0x00000000080037e6                pvTaskIncrementMutexHeldCount
                0x0000000008003810                vTaskInternalSetTimeOutState
 privileged_functions
                0x0000000008003e14      0x8d4 ./Third_Party/FreeRTOS/timers.o
                0x0000000008003e14                xTimerCreate
                0x0000000008003e56                pvTimerGetTimerID
                0x0000000008003e86                vTimerSetTimerID
                0x0000000008003eb6                xTimerIsTimerActive
                0x0000000008003ef8                xTimerGetTimerDaemonTaskHandle
                0x0000000008003f18                xTimerPendFunctionCallFromISR
                0x0000000008003f58                xTimerPendFunctionCall
                0x0000000008003fa8                pcTimerGetName
                0x0000000008003fcc                vTimerSetReloadMode
                0x0000000008004022                xTimerGetReloadMode
                0x0000000008004064                uxTimerGetReloadMode
                0x000000000800407c                xTimerGetPeriod
                0x00000000080040a0                xTimerGetExpiryTime
                0x00000000080040c8                xTimerCreateTimerTask
                0x0000000008004120                xTimerGenericCommand
                0x00000000080041ac                vTimerSetTimerNumber
                0x00000000080041c8                uxTimerGetTimerNumber
 privileged_functions
                0x00000000080046e8      0x608 ./Third_Party/FreeRTOS/portable/GCC/ARM_CM33_NTZ/non_secure/port.o
                0x00000000080046e8                pxPortInitialiseStack
                0x0000000008004818                xPortStartScheduler
                0x000000000800485c                vPortEndScheduler
                0x0000000008004878                vPortStoreTaskMPUSettings
                0x0000000008004ba4                vPortSetupTimerInterrupt
                0x0000000008004bec                vPortYield
                0x0000000008004c10                vPortEnterCritical
                0x0000000008004c34                vPortExitCritical
                0x0000000008004c68                xPortSysTickHandler
                0x0000000008004c98                vPortSVCHandler_C
 privileged_functions
                0x0000000008004cf0      0x198 ./Third_Party/FreeRTOS/portable/GCC/ARM_CM33_NTZ/non_secure/portasm.o
                0x0000000008004cf0                vRestoreContextOfFirstTask
                0x0000000008004d66                vRaisePrivilege
                0x0000000008004d76                vStartFirstTask
                0x0000000008004d96                ulSetInterruptMask
                0x0000000008004db0                vClearInterruptMask
                0x0000000008004dc0                PendSV_Handler
                0x0000000008004e66                SVC_Handler
 privileged_functions
                0x0000000008004e88      0x3f4 ./Third_Party/FreeRTOS/portable/MemMang/heap_4.o
                0x0000000008004e88                pvPortMalloc
                0x0000000008004fdc                pvPortCalloc
                0x000000000800503c                vPortFree
                0x00000000080050d4                vPortInitialiseBlocks
                0x00000000080050e2                xPortGetFreeHeapSize
                0x00000000080050f8                xPortGetMinimumEverFreeHeapSize
                0x000000000800527c                . = ALIGN (0x4)
 FILL mask 0xdead
                0x0000000000008000                . = __privileged_functions_region_size__
 *fill*         0x000000000800527c     0x2d84 dead

.text           0x0000000008008000     0x2020
                0x0000000008008000                . = ALIGN (0x4)
                0x0000000008008000                __syscalls_flash_start__ = .
 *(freertos_system_calls)
                0x0000000008008000                __syscalls_flash_end__ = .
                0x0000000008008000                . = ALIGN (0x4)
 *(.text)
 .text          0x0000000008008000       0x40 D:/tools/STM32CubeIDE_1.14.1/STM32CubeIDE/plugins/com.st.stm32cube.ide.mcu.externaltools.gnu-tools-for-stm32.11.3.rel1.win32_1.1.100.202309141235/tools/bin/../lib/gcc/arm-none-eabi/11.3.1/thumb/v8-m.main+fp/hard/crtbegin.o
 *(.text*)
 .text.main     0x0000000008008040       0x12 ./Core/Src/main.o
                0x0000000008008040                main
 .text.SystemClock_Config
                0x0000000008008052       0x92 ./Core/Src/main.o
                0x0000000008008052                SystemClock_Config
 .text.MX_GPIO_Init
                0x00000000080080e4       0xcc ./Core/Src/main.o
 .text.Error_Handler
                0x00000000080081b0        0xa ./Core/Src/main.o
                0x00000000080081b0                Error_Handler
 *fill*         0x00000000080081ba        0x2 
 .text.HAL_MspInit
                0x00000000080081bc       0x34 ./Core/Src/stm32u5xx_hal_msp.o
                0x00000000080081bc                HAL_MspInit
 .text.NMI_Handler
                0x00000000080081f0        0x6 ./Core/Src/stm32u5xx_it.o
                0x00000000080081f0                NMI_Handler
 .text.HardFault_Handler
                0x00000000080081f6        0x6 ./Core/Src/stm32u5xx_it.o
                0x00000000080081f6                HardFault_Handler
 .text.MemManage_Handler
                0x00000000080081fc        0x6 ./Core/Src/stm32u5xx_it.o
                0x00000000080081fc                MemManage_Handler
 .text.BusFault_Handler
                0x0000000008008202        0x6 ./Core/Src/stm32u5xx_it.o
                0x0000000008008202                BusFault_Handler
 .text.UsageFault_Handler
                0x0000000008008208        0x6 ./Core/Src/stm32u5xx_it.o
                0x0000000008008208                UsageFault_Handler
 .text.DebugMon_Handler
                0x000000000800820e        0xe ./Core/Src/stm32u5xx_it.o
                0x000000000800820e                DebugMon_Handler
 .text.SystemInit
                0x000000000800821c       0x70 ./Core/Src/system_stm32u5xx.o
                0x000000000800821c                SystemInit
 .text.Reset_Handler
                0x000000000800828c       0x50 ./Core/Startup/startup_stm32u575zitxq.o
                0x000000000800828c                Reset_Handler
 .text.Default_Handler
                0x00000000080082dc        0x2 ./Core/Startup/startup_stm32u575zitxq.o
                0x00000000080082dc                EXTI2_IRQHandler
                0x00000000080082dc                TIM8_TRG_COM_IRQHandler
                0x00000000080082dc                TIM8_CC_IRQHandler
                0x00000000080082dc                EXTI5_IRQHandler
                0x00000000080082dc                FLASH_S_IRQHandler
                0x00000000080082dc                EXTI13_IRQHandler
                0x00000000080082dc                TIM1_CC_IRQHandler
                0x00000000080082dc                TSC_IRQHandler
                0x00000000080082dc                TAMP_IRQHandler
                0x00000000080082dc                TIM6_IRQHandler
                0x00000000080082dc                EXTI12_IRQHandler
                0x00000000080082dc                CORDIC_IRQHandler
                0x00000000080082dc                SysTick_Handler
                0x00000000080082dc                EXTI3_IRQHandler
                0x00000000080082dc                LPTIM4_IRQHandler
                0x00000000080082dc                GPDMA1_Channel5_IRQHandler
                0x00000000080082dc                EXTI8_IRQHandler
                0x00000000080082dc                LPTIM2_IRQHandler
                0x00000000080082dc                I2C3_ER_IRQHandler
                0x00000000080082dc                PWR_S3WU_IRQHandler
                0x00000000080082dc                MDF1_FLT2_IRQHandler
                0x00000000080082dc                LPDMA1_Channel3_IRQHandler
                0x00000000080082dc                LPTIM3_IRQHandler
                0x00000000080082dc                EXTI0_IRQHandler
                0x00000000080082dc                I2C2_EV_IRQHandler
                0x00000000080082dc                FPU_IRQHandler
                0x00000000080082dc                GPDMA1_Channel3_IRQHandler
                0x00000000080082dc                GPDMA1_Channel7_IRQHandler
                0x00000000080082dc                MDF1_FLT4_IRQHandler
                0x00000000080082dc                FDCAN1_IT1_IRQHandler
                0x00000000080082dc                RAMCFG_IRQHandler
                0x00000000080082dc                GPDMA1_Channel9_IRQHandler
                0x00000000080082dc                DCACHE1_IRQHandler
                0x00000000080082dc                SPI1_IRQHandler
                0x00000000080082dc                OCTOSPI1_IRQHandler
                0x00000000080082dc                GPDMA1_Channel2_IRQHandler
                0x00000000080082dc                TIM8_UP_IRQHandler
                0x00000000080082dc                RCC_S_IRQHandler
                0x00000000080082dc                OCTOSPI2_IRQHandler
                0x00000000080082dc                SAI2_IRQHandler
                0x00000000080082dc                MDF1_FLT1_IRQHandler
                0x00000000080082dc                ADC1_IRQHandler
                0x00000000080082dc                MDF1_FLT5_IRQHandler
                0x00000000080082dc                EXTI15_IRQHandler
                0x00000000080082dc                TIM17_IRQHandler
                0x00000000080082dc                USART3_IRQHandler
                0x00000000080082dc                RTC_IRQHandler
                0x00000000080082dc                EXTI9_IRQHandler
                0x00000000080082dc                UART5_IRQHandler
                0x00000000080082dc                TIM4_IRQHandler
                0x00000000080082dc                I2C1_EV_IRQHandler
                0x00000000080082dc                GPDMA1_Channel12_IRQHandler
                0x00000000080082dc                GPDMA1_Channel1_IRQHandler
                0x00000000080082dc                TIM16_IRQHandler
                0x00000000080082dc                GPDMA1_Channel15_IRQHandler
                0x00000000080082dc                UART4_IRQHandler
                0x00000000080082dc                SecureFault_Handler
                0x00000000080082dc                TIM3_IRQHandler
                0x00000000080082dc                RCC_IRQHandler
                0x00000000080082dc                TIM1_TRG_COM_IRQHandler
                0x00000000080082dc                Default_Handler
                0x00000000080082dc                GPDMA1_Channel8_IRQHandler
                0x00000000080082dc                FMAC_IRQHandler
                0x00000000080082dc                GPDMA1_Channel11_IRQHandler
                0x00000000080082dc                TIM7_IRQHandler
                0x00000000080082dc                SDMMC1_IRQHandler
                0x00000000080082dc                TIM5_IRQHandler
                0x00000000080082dc                UCPD1_IRQHandler
                0x00000000080082dc                GPDMA1_Channel0_IRQHandler
                0x00000000080082dc                TIM15_IRQHandler
                0x00000000080082dc                I2C3_EV_IRQHandler
                0x00000000080082dc                LPDMA1_Channel0_IRQHandler
                0x00000000080082dc                PVD_PVM_IRQHandler
                0x00000000080082dc                SPI2_IRQHandler
                0x00000000080082dc                LPDMA1_Channel1_IRQHandler
                0x00000000080082dc                EXTI14_IRQHandler
                0x00000000080082dc                EXTI11_IRQHandler
                0x00000000080082dc                CRS_IRQHandler
                0x00000000080082dc                GPDMA1_Channel14_IRQHandler
                0x00000000080082dc                LSECSSD_IRQHandler
                0x00000000080082dc                EXTI4_IRQHandler
                0x00000000080082dc                RTC_S_IRQHandler
                0x00000000080082dc                GPDMA1_Channel13_IRQHandler
                0x00000000080082dc                RNG_IRQHandler
                0x00000000080082dc                COMP_IRQHandler
                0x00000000080082dc                TIM1_UP_IRQHandler
                0x00000000080082dc                ADC4_IRQHandler
                0x00000000080082dc                WWDG_IRQHandler
                0x00000000080082dc                I2C4_EV_IRQHandler
                0x00000000080082dc                ADF1_IRQHandler
                0x00000000080082dc                IWDG_IRQHandler
                0x00000000080082dc                LPUART1_IRQHandler
                0x00000000080082dc                MDF1_FLT0_IRQHandler
                0x00000000080082dc                FDCAN1_IT0_IRQHandler
                0x00000000080082dc                TIM2_IRQHandler
                0x00000000080082dc                GPDMA1_Channel4_IRQHandler
                0x00000000080082dc                EXTI7_IRQHandler
                0x00000000080082dc                DMA2D_IRQHandler
                0x00000000080082dc                TIM1_BRK_IRQHandler
                0x00000000080082dc                EXTI1_IRQHandler
                0x00000000080082dc                SDMMC2_IRQHandler
                0x00000000080082dc                DAC1_IRQHandler
                0x00000000080082dc                GTZC_IRQHandler
                0x00000000080082dc                MDF1_FLT3_IRQHandler
                0x00000000080082dc                USART2_IRQHandler
                0x00000000080082dc                GPDMA1_Channel6_IRQHandler
                0x00000000080082dc                I2C2_ER_IRQHandler
                0x00000000080082dc                TIM8_BRK_IRQHandler
                0x00000000080082dc                FLASH_IRQHandler
                0x00000000080082dc                USART1_IRQHandler
                0x00000000080082dc                EXTI10_IRQHandler
                0x00000000080082dc                OTG_FS_IRQHandler
                0x00000000080082dc                SPI3_IRQHandler
                0x00000000080082dc                LPDMA1_Channel2_IRQHandler
                0x00000000080082dc                I2C1_ER_IRQHandler
                0x00000000080082dc                FMC_IRQHandler
                0x00000000080082dc                EXTI6_IRQHandler
                0x00000000080082dc                LPTIM1_IRQHandler
                0x00000000080082dc                DCMI_PSSI_IRQHandler
                0x00000000080082dc                I2C4_ER_IRQHandler
                0x00000000080082dc                GPDMA1_Channel10_IRQHandler
                0x00000000080082dc                ICACHE_IRQHandler
                0x00000000080082dc                SAI1_IRQHandler
                0x00000000080082dc                HASH_IRQHandler
 *fill*         0x00000000080082de        0x2 
 .text.HAL_Init
                0x00000000080082e0       0x5c ./Drivers/STM32U5xx_HAL_Driver/Src/stm32u5xx_hal.o
                0x00000000080082e0                HAL_Init
 .text.HAL_InitTick
                0x000000000800833c       0x6c ./Drivers/STM32U5xx_HAL_Driver/Src/stm32u5xx_hal.o
                0x000000000800833c                HAL_InitTick
 .text.HAL_GetTick
                0x00000000080083a8       0x18 ./Drivers/STM32U5xx_HAL_Driver/Src/stm32u5xx_hal.o
                0x00000000080083a8                HAL_GetTick
 .text.__NVIC_SetPriorityGrouping
                0x00000000080083c0       0x48 ./Drivers/STM32U5xx_HAL_Driver/Src/stm32u5xx_hal_cortex.o
 .text.__NVIC_GetPriorityGrouping
                0x0000000008008408       0x1c ./Drivers/STM32U5xx_HAL_Driver/Src/stm32u5xx_hal_cortex.o
 .text.__NVIC_SetPriority
                0x0000000008008424       0x54 ./Drivers/STM32U5xx_HAL_Driver/Src/stm32u5xx_hal_cortex.o
 .text.NVIC_EncodePriority
                0x0000000008008478       0x66 ./Drivers/STM32U5xx_HAL_Driver/Src/stm32u5xx_hal_cortex.o
 *fill*         0x00000000080084de        0x2 
 .text.SysTick_Config
                0x00000000080084e0       0x44 ./Drivers/STM32U5xx_HAL_Driver/Src/stm32u5xx_hal_cortex.o
 .text.HAL_NVIC_SetPriorityGrouping
                0x0000000008008524       0x16 ./Drivers/STM32U5xx_HAL_Driver/Src/stm32u5xx_hal_cortex.o
                0x0000000008008524                HAL_NVIC_SetPriorityGrouping
 .text.HAL_NVIC_SetPriority
                0x000000000800853a       0x34 ./Drivers/STM32U5xx_HAL_Driver/Src/stm32u5xx_hal_cortex.o
                0x000000000800853a                HAL_NVIC_SetPriority
 .text.HAL_SYSTICK_Config
                0x000000000800856e       0x18 ./Drivers/STM32U5xx_HAL_Driver/Src/stm32u5xx_hal_cortex.o
                0x000000000800856e                HAL_SYSTICK_Config
 *fill*         0x0000000008008586        0x2 
 .text.HAL_GPIO_Init
                0x0000000008008588      0x3b0 ./Drivers/STM32U5xx_HAL_Driver/Src/stm32u5xx_hal_gpio.o
                0x0000000008008588                HAL_GPIO_Init
 .text.HAL_GPIO_WritePin
                0x0000000008008938       0x30 ./Drivers/STM32U5xx_HAL_Driver/Src/stm32u5xx_hal_gpio.o
                0x0000000008008938                HAL_GPIO_WritePin
 .text.HAL_PWREx_ControlVoltageScaling
                0x0000000008008968       0xfc ./Drivers/STM32U5xx_HAL_Driver/Src/stm32u5xx_hal_pwr_ex.o
                0x0000000008008968                HAL_PWREx_ControlVoltageScaling
 .text.HAL_PWREx_GetVoltageRange
                0x0000000008008a64       0x1c ./Drivers/STM32U5xx_HAL_Driver/Src/stm32u5xx_hal_pwr_ex.o
                0x0000000008008a64                HAL_PWREx_GetVoltageRange
 .text.HAL_RCC_OscConfig
                0x0000000008008a80      0xdb8 ./Drivers/STM32U5xx_HAL_Driver/Src/stm32u5xx_hal_rcc.o
                0x0000000008008a80                HAL_RCC_OscConfig
 .text.HAL_RCC_ClockConfig
                0x0000000008009838      0x3e4 ./Drivers/STM32U5xx_HAL_Driver/Src/stm32u5xx_hal_rcc.o
                0x0000000008009838                HAL_RCC_ClockConfig
 .text.HAL_RCC_GetSysClockFreq
                0x0000000008009c1c      0x204 ./Drivers/STM32U5xx_HAL_Driver/Src/stm32u5xx_hal_rcc.o
                0x0000000008009c1c                HAL_RCC_GetSysClockFreq
 .text.HAL_RCC_GetHCLKFreq
                0x0000000008009e20       0x34 ./Drivers/STM32U5xx_HAL_Driver/Src/stm32u5xx_hal_rcc.o
                0x0000000008009e20                HAL_RCC_GetHCLKFreq
 .text.RCC_SetFlashLatencyFromMSIRange
                0x0000000008009e54      0x10c ./Drivers/STM32U5xx_HAL_Driver/Src/stm32u5xx_hal_rcc.o
 .text.prvTaskExitError
                0x0000000008009f60       0x34 ./Third_Party/FreeRTOS/portable/GCC/ARM_CM33_NTZ/non_secure/port.o
 .text.memset   0x0000000008009f94       0x10 D:/tools/STM32CubeIDE_1.14.1/STM32CubeIDE/plugins/com.st.stm32cube.ide.mcu.externaltools.gnu-tools-for-stm32.11.3.rel1.win32_1.1.100.202309141235/tools/bin/../lib/gcc/arm-none-eabi/11.3.1/../../../../arm-none-eabi/lib/thumb/v8-m.main+fp/hard\libc_nano.a(libc_a-memset.o)
                0x0000000008009f94                memset
 .text.__libc_init_array
                0x0000000008009fa4       0x48 D:/tools/STM32CubeIDE_1.14.1/STM32CubeIDE/plugins/com.st.stm32cube.ide.mcu.externaltools.gnu-tools-for-stm32.11.3.rel1.win32_1.1.100.202309141235/tools/bin/../lib/gcc/arm-none-eabi/11.3.1/../../../../arm-none-eabi/lib/thumb/v8-m.main+fp/hard\libc_nano.a(libc_a-init.o)
                0x0000000008009fa4                __libc_init_array
 .text.memcpy   0x0000000008009fec       0x1a D:/tools/STM32CubeIDE_1.14.1/STM32CubeIDE/plugins/com.st.stm32cube.ide.mcu.externaltools.gnu-tools-for-stm32.11.3.rel1.win32_1.1.100.202309141235/tools/bin/../lib/gcc/arm-none-eabi/11.3.1/../../../../arm-none-eabi/lib/thumb/v8-m.main+fp/hard\libc_nano.a(libc_a-memcpy-stub.o)
                0x0000000008009fec                memcpy
 *(.glue_7)
 .glue_7        0x000000000800a006        0x0 linker stubs
 *(.glue_7t)
 .glue_7t       0x000000000800a006        0x0 linker stubs
 *(.eh_frame)
 *fill*         0x000000000800a006        0x2 
 .eh_frame      0x000000000800a008        0x0 D:/tools/STM32CubeIDE_1.14.1/STM32CubeIDE/plugins/com.st.stm32cube.ide.mcu.externaltools.gnu-tools-for-stm32.11.3.rel1.win32_1.1.100.202309141235/tools/bin/../lib/gcc/arm-none-eabi/11.3.1/thumb/v8-m.main+fp/hard/crtbegin.o
 *(.init)
 .init          0x000000000800a008        0x4 D:/tools/STM32CubeIDE_1.14.1/STM32CubeIDE/plugins/com.st.stm32cube.ide.mcu.externaltools.gnu-tools-for-stm32.11.3.rel1.win32_1.1.100.202309141235/tools/bin/../lib/gcc/arm-none-eabi/11.3.1/thumb/v8-m.main+fp/hard/crti.o
                0x000000000800a008                _init
 .init          0x000000000800a00c        0x8 D:/tools/STM32CubeIDE_1.14.1/STM32CubeIDE/plugins/com.st.stm32cube.ide.mcu.externaltools.gnu-tools-for-stm32.11.3.rel1.win32_1.1.100.202309141235/tools/bin/../lib/gcc/arm-none-eabi/11.3.1/thumb/v8-m.main+fp/hard/crtn.o
 *(.fini)
 .fini          0x000000000800a014        0x4 D:/tools/STM32CubeIDE_1.14.1/STM32CubeIDE/plugins/com.st.stm32cube.ide.mcu.externaltools.gnu-tools-for-stm32.11.3.rel1.win32_1.1.100.202309141235/tools/bin/../lib/gcc/arm-none-eabi/11.3.1/thumb/v8-m.main+fp/hard/crti.o
                0x000000000800a014                _fini
 .fini          0x000000000800a018        0x8 D:/tools/STM32CubeIDE_1.14.1/STM32CubeIDE/plugins/com.st.stm32cube.ide.mcu.externaltools.gnu-tools-for-stm32.11.3.rel1.win32_1.1.100.202309141235/tools/bin/../lib/gcc/arm-none-eabi/11.3.1/thumb/v8-m.main+fp/hard/crtn.o
                0x000000000800a020                . = ALIGN (0x4)
                0x000000000800a020                _etext = .

.vfp11_veneer   0x000000000800a020        0x0
 .vfp11_veneer  0x000000000800a020        0x0 linker stubs

.v4_bx          0x000000000800a020        0x0
 .v4_bx         0x000000000800a020        0x0 linker stubs

.iplt           0x000000000800a020        0x0
 .iplt          0x000000000800a020        0x0 D:/tools/STM32CubeIDE_1.14.1/STM32CubeIDE/plugins/com.st.stm32cube.ide.mcu.externaltools.gnu-tools-for-stm32.11.3.rel1.win32_1.1.100.202309141235/tools/bin/../lib/gcc/arm-none-eabi/11.3.1/thumb/v8-m.main+fp/hard/crtbegin.o

.rodata         0x000000000800a020       0xe8
                0x000000000800a020                . = ALIGN (0x4)
 *(.rodata)
 .rodata        0x000000000800a020        0x5 ./Third_Party/FreeRTOS/tasks.o
 *fill*         0x000000000800a025        0x3 
 .rodata        0x000000000800a028        0xd ./Third_Party/FreeRTOS/timers.o
 *(.rodata*)
 *fill*         0x000000000800a035        0x3 
 .rodata.AHBPrescTable
                0x000000000800a038       0x10 ./Core/Src/system_stm32u5xx.o
                0x000000000800a038                AHBPrescTable
 .rodata.MSIRangeTable
                0x000000000800a048       0x40 ./Core/Src/system_stm32u5xx.o
                0x000000000800a048                MSIRangeTable
 .rodata.LPGPIO_Map
                0x000000000800a088       0x80 ./Drivers/STM32U5xx_HAL_Driver/Src/stm32u5xx_hal_gpio.o
                0x000000000800a108                . = ALIGN (0x4)

.ARM.extab      0x000000000800a108        0x0
                0x000000000800a108                . = ALIGN (0x4)
 *(.ARM.extab* .gnu.linkonce.armextab.*)
                0x000000000800a108                . = ALIGN (0x4)

.ARM            0x000000000800a108        0x0
                0x000000000800a108                . = ALIGN (0x4)
                0x000000000800a108                __exidx_start = .
 *(.ARM.exidx*)
                0x000000000800a108                __exidx_end = .
                0x000000000800a108                . = ALIGN (0x4)

.preinit_array  0x000000000800a108        0x0
                0x000000000800a108                . = ALIGN (0x4)
                0x000000000800a108                PROVIDE (__preinit_array_start = .)
 *(.preinit_array*)
                0x000000000800a108                PROVIDE (__preinit_array_end = .)
                0x000000000800a108                . = ALIGN (0x4)

.init_array     0x000000000800a108        0x4
                0x000000000800a108                . = ALIGN (0x4)
                0x000000000800a108                PROVIDE (__init_array_start = .)
 *(SORT_BY_NAME(.init_array.*))
 *(.init_array*)
 .init_array    0x000000000800a108        0x4 D:/tools/STM32CubeIDE_1.14.1/STM32CubeIDE/plugins/com.st.stm32cube.ide.mcu.externaltools.gnu-tools-for-stm32.11.3.rel1.win32_1.1.100.202309141235/tools/bin/../lib/gcc/arm-none-eabi/11.3.1/thumb/v8-m.main+fp/hard/crtbegin.o
                0x000000000800a10c                PROVIDE (__init_array_end = .)
                0x000000000800a10c                . = ALIGN (0x4)

.fini_array     0x000000000800a10c        0x4
                0x000000000800a10c                . = ALIGN (0x4)
                [!provide]                        PROVIDE (__fini_array_start = .)
 *(SORT_BY_NAME(.fini_array.*))
 *(.fini_array*)
 .fini_array    0x000000000800a10c        0x4 D:/tools/STM32CubeIDE_1.14.1/STM32CubeIDE/plugins/com.st.stm32cube.ide.mcu.externaltools.gnu-tools-for-stm32.11.3.rel1.win32_1.1.100.202309141235/tools/bin/../lib/gcc/arm-none-eabi/11.3.1/thumb/v8-m.main+fp/hard/crtbegin.o
                [!provide]                        PROVIDE (__fini_array_end = .)
                0x000000000800a110                . = ALIGN (0x4)
                0x000000000800a110                _sidata = LOADADDR (.privileged_data)

.rel.dyn        0x000000000800a110        0x0
 .rel.iplt      0x000000000800a110        0x0 D:/tools/STM32CubeIDE_1.14.1/STM32CubeIDE/plugins/com.st.stm32cube.ide.mcu.externaltools.gnu-tools-for-stm32.11.3.rel1.win32_1.1.100.202309141235/tools/bin/../lib/gcc/arm-none-eabi/11.3.1/thumb/v8-m.main+fp/hard/crtbegin.o

.privileged_data
                0x0000000020000000     0x8000 load address 0x000000000800a110
                0x0000000020000000                . = ALIGN (0x4)
                0x0000000020000000                _sdata = .
 *(privileged_data)
 privileged_data
                0x0000000020000000       0x40 ./Third_Party/FreeRTOS/queue.o
                0x0000000020000000                xQueueRegistry
 privileged_data
                0x0000000020000040      0x500 ./Third_Party/FreeRTOS/tasks.o
                0x0000000020000040                pxCurrentTCB
 privileged_data
                0x0000000020000540       0x3c ./Third_Party/FreeRTOS/timers.o
 privileged_data
                0x000000002000057c        0x4 ./Third_Party/FreeRTOS/portable/GCC/ARM_CM33_NTZ/non_secure/port.o
 privileged_data
                0x0000000020000580     0x201c ./Third_Party/FreeRTOS/portable/MemMang/heap_4.o
                0x000000002000259c                . = ALIGN (0x4)
 FILL mask 0xdead
                0x0000000000008000                . = __privileged_data_region_size__
 *fill*         0x000000002000259c     0x5a64 dead

.data           0x0000000020008000       0x10 load address 0x0000000008012110
                0x0000000020008000                . = ALIGN (0x4)
 *(.data)
 *(.data*)
 .data.SystemCoreClock
                0x0000000020008000        0x4 ./Core/Src/system_stm32u5xx.o
                0x0000000020008000                SystemCoreClock
 .data.uwTickPrio
                0x0000000020008004        0x4 ./Drivers/STM32U5xx_HAL_Driver/Src/stm32u5xx_hal.o
                0x0000000020008004                uwTickPrio
 .data.uwTickFreq
                0x0000000020008008        0x1 ./Drivers/STM32U5xx_HAL_Driver/Src/stm32u5xx_hal.o
                0x0000000020008008                uwTickFreq
 *fill*         0x0000000020008009        0x3 
 .data.uxTopUsedPriority
                0x000000002000800c        0x4 ./Third_Party/FreeRTOS/tasks.o
                0x000000002000800c                uxTopUsedPriority
                0x0000000020008010                . = ALIGN (0x4)
                0x0000000020008010                _edata = .

.igot.plt       0x0000000020008010        0x0 load address 0x0000000008012120
 .igot.plt      0x0000000020008010        0x0 D:/tools/STM32CubeIDE_1.14.1/STM32CubeIDE/plugins/com.st.stm32cube.ide.mcu.externaltools.gnu-tools-for-stm32.11.3.rel1.win32_1.1.100.202309141235/tools/bin/../lib/gcc/arm-none-eabi/11.3.1/thumb/v8-m.main+fp/hard/crtbegin.o
                0x0000000020008010                . = ALIGN (0x4)

.bss            0x0000000020008010       0x20 load address 0x0000000008012120
                0x0000000020008010                _sbss = .
                0x0000000020008010                __bss_start__ = _sbss
 *(.bss)
 .bss           0x0000000020008010       0x1c D:/tools/STM32CubeIDE_1.14.1/STM32CubeIDE/plugins/com.st.stm32cube.ide.mcu.externaltools.gnu-tools-for-stm32.11.3.rel1.win32_1.1.100.202309141235/tools/bin/../lib/gcc/arm-none-eabi/11.3.1/thumb/v8-m.main+fp/hard/crtbegin.o
 *(.bss*)
 .bss.uwTick    0x000000002000802c        0x4 ./Drivers/STM32U5xx_HAL_Driver/Src/stm32u5xx_hal.o
                0x000000002000802c                uwTick
 *(COMMON)
                0x0000000020008030                . = ALIGN (0x4)
                0x0000000020008030                _ebss = .
                0x0000000020008030                __bss_end__ = _ebss

._user_heap_stack
                0x0000000020008030      0x600 load address 0x0000000008012120
                0x0000000020008030                . = ALIGN (0x8)
                0x0000000020008030                PROVIDE (end = .)
                [!provide]                        PROVIDE (_end = .)
                0x0000000020008230                . = (. + _Min_Heap_Size)
 *fill*         0x0000000020008030      0x200 
                0x0000000020008630                . = (. + _Min_Stack_Size)
 *fill*         0x0000000020008230      0x400 
                0x0000000020008630                . = ALIGN (0x8)

/DISCARD/
 libc.a(*)
 libm.a(*)
 libgcc.a(*)

.ARM.attributes
                0x0000000000000000       0x36
 *(.ARM.attributes)
 .ARM.attributes
                0x0000000000000000       0x22 D:/tools/STM32CubeIDE_1.14.1/STM32CubeIDE/plugins/com.st.stm32cube.ide.mcu.externaltools.gnu-tools-for-stm32.11.3.rel1.win32_1.1.100.202309141235/tools/bin/../lib/gcc/arm-none-eabi/11.3.1/thumb/v8-m.main+fp/hard/crti.o
 .ARM.attributes
                0x0000000000000022       0x38 D:/tools/STM32CubeIDE_1.14.1/STM32CubeIDE/plugins/com.st.stm32cube.ide.mcu.externaltools.gnu-tools-for-stm32.11.3.rel1.win32_1.1.100.202309141235/tools/bin/../lib/gcc/arm-none-eabi/11.3.1/thumb/v8-m.main+fp/hard/crtbegin.o
 .ARM.attributes
                0x000000000000005a       0x3a ./Core/Src/main.o
 .ARM.attributes
                0x0000000000000094       0x3a ./Core/Src/stm32u5xx_hal_msp.o
 .ARM.attributes
                0x00000000000000ce       0x3a ./Core/Src/stm32u5xx_it.o
 .ARM.attributes
                0x0000000000000108       0x3a ./Core/Src/system_stm32u5xx.o
 .ARM.attributes
                0x0000000000000142       0x24 ./Core/Startup/startup_stm32u575zitxq.o
 .ARM.attributes
                0x0000000000000166       0x3a ./Drivers/STM32U5xx_HAL_Driver/Src/stm32u5xx_hal.o
 .ARM.attributes
                0x00000000000001a0       0x3a ./Drivers/STM32U5xx_HAL_Driver/Src/stm32u5xx_hal_cortex.o
 .ARM.attributes
                0x00000000000001da       0x3a ./Drivers/STM32U5xx_HAL_Driver/Src/stm32u5xx_hal_gpio.o
 .ARM.attributes
                0x0000000000000214       0x3a ./Drivers/STM32U5xx_HAL_Driver/Src/stm32u5xx_hal_pwr_ex.o
 .ARM.attributes
                0x000000000000024e       0x3a ./Drivers/STM32U5xx_HAL_Driver/Src/stm32u5xx_hal_rcc.o
 .ARM.attributes
                0x0000000000000288       0x3a ./Third_Party/FreeRTOS/list.o
 .ARM.attributes
                0x00000000000002c2       0x3a ./Third_Party/FreeRTOS/queue.o
 .ARM.attributes
                0x00000000000002fc       0x3a ./Third_Party/FreeRTOS/tasks.o
 .ARM.attributes
                0x0000000000000336       0x3a ./Third_Party/FreeRTOS/timers.o
 .ARM.attributes
                0x0000000000000370       0x3a ./Third_Party/FreeRTOS/portable/GCC/ARM_CM33_NTZ/non_secure/port.o
 .ARM.attributes
                0x00000000000003aa       0x3a ./Third_Party/FreeRTOS/portable/GCC/ARM_CM33_NTZ/non_secure/portasm.o
 .ARM.attributes
                0x00000000000003e4       0x3a ./Third_Party/FreeRTOS/portable/MemMang/heap_4.o
 .ARM.attributes
                0x000000000000041e       0x38 D:/tools/STM32CubeIDE_1.14.1/STM32CubeIDE/plugins/com.st.stm32cube.ide.mcu.externaltools.gnu-tools-for-stm32.11.3.rel1.win32_1.1.100.202309141235/tools/bin/../lib/gcc/arm-none-eabi/11.3.1/../../../../arm-none-eabi/lib/thumb/v8-m.main+fp/hard\libc_nano.a(libc_a-memset.o)
 .ARM.attributes
                0x0000000000000456       0x38 D:/tools/STM32CubeIDE_1.14.1/STM32CubeIDE/plugins/com.st.stm32cube.ide.mcu.externaltools.gnu-tools-for-stm32.11.3.rel1.win32_1.1.100.202309141235/tools/bin/../lib/gcc/arm-none-eabi/11.3.1/../../../../arm-none-eabi/lib/thumb/v8-m.main+fp/hard\libc_nano.a(libc_a-init.o)
 .ARM.attributes
                0x000000000000048e       0x38 D:/tools/STM32CubeIDE_1.14.1/STM32CubeIDE/plugins/com.st.stm32cube.ide.mcu.externaltools.gnu-tools-for-stm32.11.3.rel1.win32_1.1.100.202309141235/tools/bin/../lib/gcc/arm-none-eabi/11.3.1/../../../../arm-none-eabi/lib/thumb/v8-m.main+fp/hard\libc_nano.a(libc_a-memcpy-stub.o)
 .ARM.attributes
                0x00000000000004c6       0x22 D:/tools/STM32CubeIDE_1.14.1/STM32CubeIDE/plugins/com.st.stm32cube.ide.mcu.externaltools.gnu-tools-for-stm32.11.3.rel1.win32_1.1.100.202309141235/tools/bin/../lib/gcc/arm-none-eabi/11.3.1/thumb/v8-m.main+fp/hard/crtn.o
OUTPUT(FreeRTOS_Project.elf elf32-littlearm)
LOAD linker stubs
LOAD D:/tools/STM32CubeIDE_1.14.1/STM32CubeIDE/plugins/com.st.stm32cube.ide.mcu.externaltools.gnu-tools-for-stm32.11.3.rel1.win32_1.1.100.202309141235/tools/bin/../lib/gcc/arm-none-eabi/11.3.1/../../../../arm-none-eabi/lib/thumb/v8-m.main+fp/hard\libc.a
LOAD D:/tools/STM32CubeIDE_1.14.1/STM32CubeIDE/plugins/com.st.stm32cube.ide.mcu.externaltools.gnu-tools-for-stm32.11.3.rel1.win32_1.1.100.202309141235/tools/bin/../lib/gcc/arm-none-eabi/11.3.1/../../../../arm-none-eabi/lib/thumb/v8-m.main+fp/hard\libm.a
LOAD D:/tools/STM32CubeIDE_1.14.1/STM32CubeIDE/plugins/com.st.stm32cube.ide.mcu.externaltools.gnu-tools-for-stm32.11.3.rel1.win32_1.1.100.202309141235/tools/bin/../lib/gcc/arm-none-eabi/11.3.1/thumb/v8-m.main+fp/hard\libgcc.a

.comment        0x0000000000000000       0x43
 .comment       0x0000000000000000       0x43 D:/tools/STM32CubeIDE_1.14.1/STM32CubeIDE/plugins/com.st.stm32cube.ide.mcu.externaltools.gnu-tools-for-stm32.11.3.rel1.win32_1.1.100.202309141235/tools/bin/../lib/gcc/arm-none-eabi/11.3.1/thumb/v8-m.main+fp/hard/crtbegin.o
                                         0x44 (size before relaxing)
 .comment       0x0000000000000043       0x44 ./Core/Src/main.o
 .comment       0x0000000000000043       0x44 ./Core/Src/stm32u5xx_hal_msp.o
 .comment       0x0000000000000043       0x44 ./Core/Src/stm32u5xx_it.o
 .comment       0x0000000000000043       0x44 ./Core/Src/system_stm32u5xx.o
 .comment       0x0000000000000043       0x44 ./Drivers/STM32U5xx_HAL_Driver/Src/stm32u5xx_hal.o
 .comment       0x0000000000000043       0x44 ./Drivers/STM32U5xx_HAL_Driver/Src/stm32u5xx_hal_cortex.o
 .comment       0x0000000000000043       0x44 ./Drivers/STM32U5xx_HAL_Driver/Src/stm32u5xx_hal_gpio.o
 .comment       0x0000000000000043       0x44 ./Drivers/STM32U5xx_HAL_Driver/Src/stm32u5xx_hal_pwr_ex.o
 .comment       0x0000000000000043       0x44 ./Drivers/STM32U5xx_HAL_Driver/Src/stm32u5xx_hal_rcc.o
 .comment       0x0000000000000043       0x44 ./Third_Party/FreeRTOS/list.o
 .comment       0x0000000000000043       0x44 ./Third_Party/FreeRTOS/queue.o
 .comment       0x0000000000000043       0x44 ./Third_Party/FreeRTOS/tasks.o
 .comment       0x0000000000000043       0x44 ./Third_Party/FreeRTOS/timers.o
 .comment       0x0000000000000043       0x44 ./Third_Party/FreeRTOS/portable/GCC/ARM_CM33_NTZ/non_secure/port.o
 .comment       0x0000000000000043       0x44 ./Third_Party/FreeRTOS/portable/GCC/ARM_CM33_NTZ/non_secure/portasm.o
 .comment       0x0000000000000043       0x44 ./Third_Party/FreeRTOS/portable/MemMang/heap_4.o

.debug_info     0x0000000000000000     0xb50c
 .debug_info    0x0000000000000000      0x88d ./Core/Src/main.o
 .debug_info    0x000000000000088d      0x40c ./Core/Src/stm32u5xx_hal_msp.o
 .debug_info    0x0000000000000c99       0xed ./Core/Src/stm32u5xx_it.o
 .debug_info    0x0000000000000d86      0x929 ./Core/Src/system_stm32u5xx.o
 .debug_info    0x00000000000016af       0x23 ./Core/Startup/startup_stm32u575zitxq.o
 .debug_info    0x00000000000016d2     0x11ab ./Drivers/STM32U5xx_HAL_Driver/Src/stm32u5xx_hal.o
 .debug_info    0x000000000000287d     0x15e0 ./Drivers/STM32U5xx_HAL_Driver/Src/stm32u5xx_hal_cortex.o
 .debug_info    0x0000000000003e5d      0x859 ./Drivers/STM32U5xx_HAL_Driver/Src/stm32u5xx_hal_gpio.o
 .debug_info    0x00000000000046b6      0xe3e ./Drivers/STM32U5xx_HAL_Driver/Src/stm32u5xx_hal_pwr_ex.o
 .debug_info    0x00000000000054f4     0x11f0 ./Drivers/STM32U5xx_HAL_Driver/Src/stm32u5xx_hal_rcc.o
 .debug_info    0x00000000000066e4      0x2af ./Third_Party/FreeRTOS/list.o
 .debug_info    0x0000000000006993     0x130f ./Third_Party/FreeRTOS/queue.o
 .debug_info    0x0000000000007ca2     0x1f1c ./Third_Party/FreeRTOS/tasks.o
 .debug_info    0x0000000000009bbe      0xe4e ./Third_Party/FreeRTOS/timers.o
 .debug_info    0x000000000000aa0c      0x50c ./Third_Party/FreeRTOS/portable/GCC/ARM_CM33_NTZ/non_secure/port.o
 .debug_info    0x000000000000af18      0x14e ./Third_Party/FreeRTOS/portable/GCC/ARM_CM33_NTZ/non_secure/portasm.o
 .debug_info    0x000000000000b066      0x4a6 ./Third_Party/FreeRTOS/portable/MemMang/heap_4.o

.debug_abbrev   0x0000000000000000     0x1fd2
 .debug_abbrev  0x0000000000000000      0x21c ./Core/Src/main.o
 .debug_abbrev  0x000000000000021c       0xde ./Core/Src/stm32u5xx_hal_msp.o
 .debug_abbrev  0x00000000000002fa       0x47 ./Core/Src/stm32u5xx_it.o
 .debug_abbrev  0x0000000000000341      0x129 ./Core/Src/system_stm32u5xx.o
 .debug_abbrev  0x000000000000046a       0x12 ./Core/Startup/startup_stm32u575zitxq.o
 .debug_abbrev  0x000000000000047c      0x292 ./Drivers/STM32U5xx_HAL_Driver/Src/stm32u5xx_hal.o
 .debug_abbrev  0x000000000000070e      0x30d ./Drivers/STM32U5xx_HAL_Driver/Src/stm32u5xx_hal_cortex.o
 .debug_abbrev  0x0000000000000a1b      0x25a ./Drivers/STM32U5xx_HAL_Driver/Src/stm32u5xx_hal_gpio.o
 .debug_abbrev  0x0000000000000c75      0x215 ./Drivers/STM32U5xx_HAL_Driver/Src/stm32u5xx_hal_pwr_ex.o
 .debug_abbrev  0x0000000000000e8a      0x2cb ./Drivers/STM32U5xx_HAL_Driver/Src/stm32u5xx_hal_rcc.o
 .debug_abbrev  0x0000000000001155       0xf5 ./Third_Party/FreeRTOS/list.o
 .debug_abbrev  0x000000000000124a      0x2bc ./Third_Party/FreeRTOS/queue.o
 .debug_abbrev  0x0000000000001506      0x316 ./Third_Party/FreeRTOS/tasks.o
 .debug_abbrev  0x000000000000181c      0x2c7 ./Third_Party/FreeRTOS/timers.o
 .debug_abbrev  0x0000000000001ae3      0x230 ./Third_Party/FreeRTOS/portable/GCC/ARM_CM33_NTZ/non_secure/port.o
 .debug_abbrev  0x0000000000001d13       0xb7 ./Third_Party/FreeRTOS/portable/GCC/ARM_CM33_NTZ/non_secure/portasm.o
 .debug_abbrev  0x0000000000001dca      0x208 ./Third_Party/FreeRTOS/portable/MemMang/heap_4.o

.debug_aranges  0x0000000000000000      0xc38
 .debug_aranges
                0x0000000000000000       0x38 ./Core/Src/main.o
 .debug_aranges
                0x0000000000000038       0x20 ./Core/Src/stm32u5xx_hal_msp.o
 .debug_aranges
                0x0000000000000058       0x48 ./Core/Src/stm32u5xx_it.o
 .debug_aranges
                0x00000000000000a0       0x28 ./Core/Src/system_stm32u5xx.o
 .debug_aranges
                0x00000000000000c8       0x28 ./Core/Startup/startup_stm32u575zitxq.o
 .debug_aranges
                0x00000000000000f0      0x138 ./Drivers/STM32U5xx_HAL_Driver/Src/stm32u5xx_hal.o
 .debug_aranges
                0x0000000000000228      0x130 ./Drivers/STM32U5xx_HAL_Driver/Src/stm32u5xx_hal_cortex.o
 .debug_aranges
                0x0000000000000358       0x78 ./Drivers/STM32U5xx_HAL_Driver/Src/stm32u5xx_hal_gpio.o
 .debug_aranges
                0x00000000000003d0      0x200 ./Drivers/STM32U5xx_HAL_Driver/Src/stm32u5xx_hal_pwr_ex.o
 .debug_aranges
                0x00000000000005d0       0xa8 ./Drivers/STM32U5xx_HAL_Driver/Src/stm32u5xx_hal_rcc.o
 .debug_aranges
                0x0000000000000678       0x40 ./Third_Party/FreeRTOS/list.o
 .debug_aranges
                0x00000000000006b8      0x140 ./Third_Party/FreeRTOS/queue.o
 .debug_aranges
                0x00000000000007f8      0x208 ./Third_Party/FreeRTOS/tasks.o
 .debug_aranges
                0x0000000000000a00       0xf8 ./Third_Party/FreeRTOS/timers.o
 .debug_aranges
                0x0000000000000af8       0x80 ./Third_Party/FreeRTOS/portable/GCC/ARM_CM33_NTZ/non_secure/port.o
 .debug_aranges
                0x0000000000000b78       0x60 ./Third_Party/FreeRTOS/portable/GCC/ARM_CM33_NTZ/non_secure/portasm.o
 .debug_aranges
                0x0000000000000bd8       0x60 ./Third_Party/FreeRTOS/portable/MemMang/heap_4.o

.debug_rnglists
                0x0000000000000000      0x929
 .debug_rnglists
                0x0000000000000000       0x27 ./Core/Src/main.o
 .debug_rnglists
                0x0000000000000027       0x13 ./Core/Src/stm32u5xx_hal_msp.o
 .debug_rnglists
                0x000000000000003a       0x31 ./Core/Src/stm32u5xx_it.o
 .debug_rnglists
                0x000000000000006b       0x1a ./Core/Src/system_stm32u5xx.o
 .debug_rnglists
                0x0000000000000085       0x19 ./Core/Startup/startup_stm32u575zitxq.o
 .debug_rnglists
                0x000000000000009e       0xe6 ./Drivers/STM32U5xx_HAL_Driver/Src/stm32u5xx_hal.o
 .debug_rnglists
                0x0000000000000184       0xe0 ./Drivers/STM32U5xx_HAL_Driver/Src/stm32u5xx_hal_cortex.o
 .debug_rnglists
                0x0000000000000264       0x5a ./Drivers/STM32U5xx_HAL_Driver/Src/stm32u5xx_hal_gpio.o
 .debug_rnglists
                0x00000000000002be      0x186 ./Drivers/STM32U5xx_HAL_Driver/Src/stm32u5xx_hal_pwr_ex.o
 .debug_rnglists
                0x0000000000000444       0x7f ./Drivers/STM32U5xx_HAL_Driver/Src/stm32u5xx_hal_rcc.o
 .debug_rnglists
                0x00000000000004c3       0x2b ./Third_Party/FreeRTOS/list.o
 .debug_rnglists
                0x00000000000004ee       0xf8 ./Third_Party/FreeRTOS/queue.o
 .debug_rnglists
                0x00000000000005e6      0x1a0 ./Third_Party/FreeRTOS/tasks.o
 .debug_rnglists
                0x0000000000000786       0xb9 ./Third_Party/FreeRTOS/timers.o
 .debug_rnglists
                0x000000000000083f       0x5e ./Third_Party/FreeRTOS/portable/GCC/ARM_CM33_NTZ/non_secure/port.o
 .debug_rnglists
                0x000000000000089d       0x44 ./Third_Party/FreeRTOS/portable/GCC/ARM_CM33_NTZ/non_secure/portasm.o
 .debug_rnglists
                0x00000000000008e1       0x48 ./Third_Party/FreeRTOS/portable/MemMang/heap_4.o

.debug_macro    0x0000000000000000    0x2ff04
 .debug_macro   0x0000000000000000      0x24f ./Core/Src/main.o
 .debug_macro   0x000000000000024f      0xaae ./Core/Src/main.o
 .debug_macro   0x0000000000000cfd      0x1da ./Core/Src/main.o
 .debug_macro   0x0000000000000ed7       0x2e ./Core/Src/main.o
 .debug_macro   0x0000000000000f05       0x42 ./Core/Src/main.o
 .debug_macro   0x0000000000000f47       0x22 ./Core/Src/main.o
 .debug_macro   0x0000000000000f69       0x8e ./Core/Src/main.o
 .debug_macro   0x0000000000000ff7       0x51 ./Core/Src/main.o
 .debug_macro   0x0000000000001048      0x103 ./Core/Src/main.o
 .debug_macro   0x000000000000114b       0x6a ./Core/Src/main.o
 .debug_macro   0x00000000000011b5      0x1df ./Core/Src/main.o
 .debug_macro   0x0000000000001394       0x1c ./Core/Src/main.o
 .debug_macro   0x00000000000013b0       0x29 ./Core/Src/main.o
 .debug_macro   0x00000000000013d9       0xfb ./Core/Src/main.o
 .debug_macro   0x00000000000014d4     0x1685 ./Core/Src/main.o
 .debug_macro   0x0000000000002b59       0x5e ./Core/Src/main.o
 .debug_macro   0x0000000000002bb7    0x223ac ./Core/Src/main.o
 .debug_macro   0x0000000000024f63       0x6d ./Core/Src/main.o
 .debug_macro   0x0000000000024fd0     0x385e ./Core/Src/main.o
 .debug_macro   0x000000000002882e      0x174 ./Core/Src/main.o
 .debug_macro   0x00000000000289a2       0x61 ./Core/Src/main.o
 .debug_macro   0x0000000000028a03       0x2a ./Core/Src/main.o
 .debug_macro   0x0000000000028a2d       0x43 ./Core/Src/main.o
 .debug_macro   0x0000000000028a70       0x34 ./Core/Src/main.o
 .debug_macro   0x0000000000028aa4       0x16 ./Core/Src/main.o
 .debug_macro   0x0000000000028aba       0x43 ./Core/Src/main.o
 .debug_macro   0x0000000000028afd       0x34 ./Core/Src/main.o
 .debug_macro   0x0000000000028b31       0x10 ./Core/Src/main.o
 .debug_macro   0x0000000000028b41       0x58 ./Core/Src/main.o
 .debug_macro   0x0000000000028b99       0x8e ./Core/Src/main.o
 .debug_macro   0x0000000000028c27       0x1c ./Core/Src/main.o
 .debug_macro   0x0000000000028c43      0x177 ./Core/Src/main.o
 .debug_macro   0x0000000000028dba      0x369 ./Core/Src/main.o
 .debug_macro   0x0000000000029123      0x19b ./Core/Src/main.o
 .debug_macro   0x00000000000292be       0x5d ./Core/Src/main.o
 .debug_macro   0x000000000002931b     0x1ae5 ./Core/Src/main.o
 .debug_macro   0x000000000002ae00      0x7dc ./Core/Src/main.o
 .debug_macro   0x000000000002b5dc      0x15f ./Core/Src/main.o
 .debug_macro   0x000000000002b73b      0x2aa ./Core/Src/main.o
 .debug_macro   0x000000000002b9e5      0x5a5 ./Core/Src/main.o
 .debug_macro   0x000000000002bf8a      0x439 ./Core/Src/main.o
 .debug_macro   0x000000000002c3c3       0xd6 ./Core/Src/main.o
 .debug_macro   0x000000000002c499      0x1cd ./Core/Src/main.o
 .debug_macro   0x000000000002c666      0x432 ./Core/Src/main.o
 .debug_macro   0x000000000002ca98       0x95 ./Core/Src/main.o
 .debug_macro   0x000000000002cb2d      0x11c ./Core/Src/main.o
 .debug_macro   0x000000000002cc49      0x517 ./Core/Src/main.o
 .debug_macro   0x000000000002d160      0x4bf ./Core/Src/main.o
 .debug_macro   0x000000000002d61f      0x1c0 ./Core/Src/main.o
 .debug_macro   0x000000000002d7df      0x361 ./Core/Src/main.o
 .debug_macro   0x000000000002db40      0x24f ./Core/Src/stm32u5xx_hal_msp.o
 .debug_macro   0x000000000002dd8f      0x259 ./Core/Src/stm32u5xx_it.o
 .debug_macro   0x000000000002dfe8      0x24c ./Core/Src/system_stm32u5xx.o
 .debug_macro   0x000000000002e234      0x269 ./Drivers/STM32U5xx_HAL_Driver/Src/stm32u5xx_hal.o
 .debug_macro   0x000000000002e49d      0x245 ./Drivers/STM32U5xx_HAL_Driver/Src/stm32u5xx_hal_cortex.o
 .debug_macro   0x000000000002e6e2      0x27a ./Drivers/STM32U5xx_HAL_Driver/Src/stm32u5xx_hal_gpio.o
 .debug_macro   0x000000000002e95c      0x270 ./Drivers/STM32U5xx_HAL_Driver/Src/stm32u5xx_hal_pwr_ex.o
 .debug_macro   0x000000000002ebcc      0x34b ./Drivers/STM32U5xx_HAL_Driver/Src/stm32u5xx_hal_rcc.o
 .debug_macro   0x000000000002ef17      0x1a8 ./Third_Party/FreeRTOS/list.o
 .debug_macro   0x000000000002f0bf      0x23f ./Third_Party/FreeRTOS/queue.o
 .debug_macro   0x000000000002f2fe       0x16 ./Third_Party/FreeRTOS/queue.o
 .debug_macro   0x000000000002f314       0x20 ./Third_Party/FreeRTOS/queue.o
 .debug_macro   0x000000000002f334       0x80 ./Third_Party/FreeRTOS/queue.o
 .debug_macro   0x000000000002f3b4      0x294 ./Third_Party/FreeRTOS/tasks.o
 .debug_macro   0x000000000002f648       0x17 ./Third_Party/FreeRTOS/tasks.o
 .debug_macro   0x000000000002f65f      0x1f7 ./Third_Party/FreeRTOS/timers.o
 .debug_macro   0x000000000002f856       0x97 ./Third_Party/FreeRTOS/timers.o
 .debug_macro   0x000000000002f8ed      0x30d ./Third_Party/FreeRTOS/portable/GCC/ARM_CM33_NTZ/non_secure/port.o
 .debug_macro   0x000000000002fbfa       0xe7 ./Third_Party/FreeRTOS/portable/GCC/ARM_CM33_NTZ/non_secure/portasm.o
 .debug_macro   0x000000000002fce1      0x223 ./Third_Party/FreeRTOS/portable/MemMang/heap_4.o

.debug_line     0x0000000000000000     0xcc1b
 .debug_line    0x0000000000000000      0x8e4 ./Core/Src/main.o
 .debug_line    0x00000000000008e4      0x82f ./Core/Src/stm32u5xx_hal_msp.o
 .debug_line    0x0000000000001113      0x8b4 ./Core/Src/stm32u5xx_it.o
 .debug_line    0x00000000000019c7      0x928 ./Core/Src/system_stm32u5xx.o
 .debug_line    0x00000000000022ef       0x79 ./Core/Startup/startup_stm32u575zitxq.o
 .debug_line    0x0000000000002368      0xc3a ./Drivers/STM32U5xx_HAL_Driver/Src/stm32u5xx_hal.o
 .debug_line    0x0000000000002fa2      0xe5e ./Drivers/STM32U5xx_HAL_Driver/Src/stm32u5xx_hal_cortex.o
 .debug_line    0x0000000000003e00      0xda0 ./Drivers/STM32U5xx_HAL_Driver/Src/stm32u5xx_hal_gpio.o
 .debug_line    0x0000000000004ba0     0x11a9 ./Drivers/STM32U5xx_HAL_Driver/Src/stm32u5xx_hal_pwr_ex.o
 .debug_line    0x0000000000005d49     0x156e ./Drivers/STM32U5xx_HAL_Driver/Src/stm32u5xx_hal_rcc.o
 .debug_line    0x00000000000072b7      0x7e1 ./Third_Party/FreeRTOS/list.o
 .debug_line    0x0000000000007a98     0x12ed ./Third_Party/FreeRTOS/queue.o
 .debug_line    0x0000000000008d85     0x195f ./Third_Party/FreeRTOS/tasks.o
 .debug_line    0x000000000000a6e4      0xb7d ./Third_Party/FreeRTOS/timers.o
 .debug_line    0x000000000000b261      0x951 ./Third_Party/FreeRTOS/portable/GCC/ARM_CM33_NTZ/non_secure/port.o
 .debug_line    0x000000000000bbb2      0x660 ./Third_Party/FreeRTOS/portable/GCC/ARM_CM33_NTZ/non_secure/portasm.o
 .debug_line    0x000000000000c212      0xa09 ./Third_Party/FreeRTOS/portable/MemMang/heap_4.o

.debug_str      0x0000000000000000   0x130a7d
 .debug_str     0x0000000000000000   0x1235fe ./Core/Src/main.o
                                     0x1240cd (size before relaxing)
 .debug_str     0x00000000001235fe       0x2c ./Core/Src/stm32u5xx_hal_msp.o
                                     0x123db1 (size before relaxing)
 .debug_str     0x000000000012362a       0x92 ./Core/Src/stm32u5xx_it.o
                                     0x123bc7 (size before relaxing)
 .debug_str     0x00000000001236bc      0x1d3 ./Core/Src/system_stm32u5xx.o
                                     0x123f54 (size before relaxing)
 .debug_str     0x000000000012388f       0x35 ./Core/Startup/startup_stm32u575zitxq.o
                                         0x67 (size before relaxing)
 .debug_str     0x00000000001238c4      0xe50 ./Drivers/STM32U5xx_HAL_Driver/Src/stm32u5xx_hal.o
                                     0x124d24 (size before relaxing)
 .debug_str     0x0000000000124714      0x3ad ./Drivers/STM32U5xx_HAL_Driver/Src/stm32u5xx_hal_cortex.o
                                     0x124b35 (size before relaxing)
 .debug_str     0x0000000000124ac1      0x2fb ./Drivers/STM32U5xx_HAL_Driver/Src/stm32u5xx_hal_gpio.o
                                     0x123f79 (size before relaxing)
 .debug_str     0x0000000000124dbc      0x83f ./Drivers/STM32U5xx_HAL_Driver/Src/stm32u5xx_hal_pwr_ex.o
                                     0x124694 (size before relaxing)
 .debug_str     0x00000000001255fb     0x1301 ./Drivers/STM32U5xx_HAL_Driver/Src/stm32u5xx_hal_rcc.o
                                     0x125649 (size before relaxing)
 .debug_str     0x00000000001268fc     0x4152 ./Third_Party/FreeRTOS/list.o
                                       0xb25c (size before relaxing)
 .debug_str     0x000000000012aa4e     0x26f9 ./Third_Party/FreeRTOS/queue.o
                                       0xd951 (size before relaxing)
 .debug_str     0x000000000012d147     0x1c1f ./Third_Party/FreeRTOS/tasks.o
                                       0xe409 (size before relaxing)
 .debug_str     0x000000000012ed66      0x634 ./Third_Party/FreeRTOS/timers.o
                                       0xdb94 (size before relaxing)
 .debug_str     0x000000000012f39a     0x10a6 ./Third_Party/FreeRTOS/portable/GCC/ARM_CM33_NTZ/non_secure/port.o
                                       0xa475 (size before relaxing)
 .debug_str     0x0000000000130440       0x87 ./Third_Party/FreeRTOS/portable/GCC/ARM_CM33_NTZ/non_secure/portasm.o
                                       0x753a (size before relaxing)
 .debug_str     0x00000000001304c7      0x5b6 ./Third_Party/FreeRTOS/portable/MemMang/heap_4.o
                                       0xca58 (size before relaxing)

.debug_frame    0x0000000000000000     0x2f88
 .debug_frame   0x0000000000000000       0x90 ./Core/Src/main.o
 .debug_frame   0x0000000000000090       0x38 ./Core/Src/stm32u5xx_hal_msp.o
 .debug_frame   0x00000000000000c8       0xa8 ./Core/Src/stm32u5xx_it.o
 .debug_frame   0x0000000000000170       0x58 ./Core/Src/system_stm32u5xx.o
 .debug_frame   0x00000000000001c8      0x4c0 ./Drivers/STM32U5xx_HAL_Driver/Src/stm32u5xx_hal.o
 .debug_frame   0x0000000000000688      0x508 ./Drivers/STM32U5xx_HAL_Driver/Src/stm32u5xx_hal_cortex.o
 .debug_frame   0x0000000000000b90      0x1ec ./Drivers/STM32U5xx_HAL_Driver/Src/stm32u5xx_hal_gpio.o
 .debug_frame   0x0000000000000d7c      0x84c ./Drivers/STM32U5xx_HAL_Driver/Src/stm32u5xx_hal_pwr_ex.o
 .debug_frame   0x00000000000015c8      0x28c ./Drivers/STM32U5xx_HAL_Driver/Src/stm32u5xx_hal_rcc.o
 .debug_frame   0x0000000000001854       0xd8 ./Third_Party/FreeRTOS/list.o
 .debug_frame   0x000000000000192c      0x560 ./Third_Party/FreeRTOS/queue.o
 .debug_frame   0x0000000000001e8c      0x8e0 ./Third_Party/FreeRTOS/tasks.o
 .debug_frame   0x000000000000276c      0x3f8 ./Third_Party/FreeRTOS/timers.o
 .debug_frame   0x0000000000002b64      0x1c0 ./Third_Party/FreeRTOS/portable/GCC/ARM_CM33_NTZ/non_secure/port.o
 .debug_frame   0x0000000000002d24       0xa0 ./Third_Party/FreeRTOS/portable/GCC/ARM_CM33_NTZ/non_secure/portasm.o
 .debug_frame   0x0000000000002dc4      0x150 ./Third_Party/FreeRTOS/portable/MemMang/heap_4.o
 .debug_frame   0x0000000000002f14       0x20 D:/tools/STM32CubeIDE_1.14.1/STM32CubeIDE/plugins/com.st.stm32cube.ide.mcu.externaltools.gnu-tools-for-stm32.11.3.rel1.win32_1.1.100.202309141235/tools/bin/../lib/gcc/arm-none-eabi/11.3.1/../../../../arm-none-eabi/lib/thumb/v8-m.main+fp/hard\libc_nano.a(libc_a-memset.o)
 .debug_frame   0x0000000000002f34       0x2c D:/tools/STM32CubeIDE_1.14.1/STM32CubeIDE/plugins/com.st.stm32cube.ide.mcu.externaltools.gnu-tools-for-stm32.11.3.rel1.win32_1.1.100.202309141235/tools/bin/../lib/gcc/arm-none-eabi/11.3.1/../../../../arm-none-eabi/lib/thumb/v8-m.main+fp/hard\libc_nano.a(libc_a-init.o)
 .debug_frame   0x0000000000002f60       0x28 D:/tools/STM32CubeIDE_1.14.1/STM32CubeIDE/plugins/com.st.stm32cube.ide.mcu.externaltools.gnu-tools-for-stm32.11.3.rel1.win32_1.1.100.202309141235/tools/bin/../lib/gcc/arm-none-eabi/11.3.1/../../../../arm-none-eabi/lib/thumb/v8-m.main+fp/hard\libc_nano.a(libc_a-memcpy-stub.o)

.debug_line_str
                0x0000000000000000       0x5b
 .debug_line_str
                0x0000000000000000       0x5b ./Core/Startup/startup_stm32u575zitxq.o
                                         0x74 (size before relaxing)
