../Third_Party/FreeRTOS/portable/Common/mpu_wrappers.c:54:20:MPU_xTaskCreate	40	static,ignoring_inline_asm
../Third_Party/FreeRTOS/portable/Common/mpu_wrappers.c:123:14:MPU_vTaskDelete	16	static,ignoring_inline_asm
../Third_Party/FreeRTOS/portable/Common/mpu_wrappers.c:198:14:MPU_vTaskDelay	16	static,ignoring_inline_asm
../Third_Party/FreeRTOS/portable/Common/mpu_wrappers.c:145:20:MPU_xTaskDelayUntil	24	static,ignoring_inline_asm
../Third_Party/FreeRTOS/portable/Common/mpu_wrappers.c:220:21:MPU_uxTaskPriorityGet	24	static,ignoring_inline_asm
../Third_Party/FreeRTOS/portable/Common/mpu_wrappers.c:269:20:MPU_eTaskGetState	24	static,ignoring_inline_asm
../Third_Party/FreeRTOS/portable/Common/mpu_wrappers.c:295:14:MPU_vTaskGetInfo	24	static,ignoring_inline_asm
../Third_Party/FreeRTOS/portable/Common/mpu_wrappers.c:246:14:MPU_vTaskPrioritySet	16	static,ignoring_inline_asm
../Third_Party/FreeRTOS/portable/Common/mpu_wrappers.c:345:14:MPU_vTaskSuspend	16	static,ignoring_inline_asm
../Third_Party/FreeRTOS/portable/Common/mpu_wrappers.c:367:14:MPU_vTaskResume	16	static,ignoring_inline_asm
../Third_Party/FreeRTOS/portable/Common/mpu_wrappers.c:388:10:MPU_vTaskSuspendAll	8	static,ignoring_inline_asm
../Third_Party/FreeRTOS/portable/Common/mpu_wrappers.c:408:16:MPU_xTaskResumeAll	16	static,ignoring_inline_asm
../Third_Party/FreeRTOS/portable/Common/mpu_wrappers.c:432:16:MPU_xTaskGetTickCount	16	static,ignoring_inline_asm
../Third_Party/FreeRTOS/portable/Common/mpu_wrappers.c:456:17:MPU_uxTaskGetNumberOfTasks	16	static,ignoring_inline_asm
../Third_Party/FreeRTOS/portable/Common/mpu_wrappers.c:480:12:MPU_pcTaskGetName	24	static,ignoring_inline_asm
../Third_Party/FreeRTOS/portable/Common/mpu_wrappers.c:806:21:MPU_uxTaskGetStackHighWaterMark	24	static,ignoring_inline_asm
../Third_Party/FreeRTOS/portable/Common/mpu_wrappers.c:754:21:MPU_uxTaskGetSystemState	32	static,ignoring_inline_asm
../Third_Party/FreeRTOS/portable/Common/mpu_wrappers.c:954:20:MPU_xTaskGenericNotify	40	static,ignoring_inline_asm
../Third_Party/FreeRTOS/portable/Common/mpu_wrappers.c:984:20:MPU_xTaskGenericNotifyWait	40	static,ignoring_inline_asm
../Third_Party/FreeRTOS/portable/Common/mpu_wrappers.c:1014:18:MPU_ulTaskGenericNotifyTake	32	static,ignoring_inline_asm
../Third_Party/FreeRTOS/portable/Common/mpu_wrappers.c:1042:20:MPU_xTaskGenericNotifyStateClear	24	static,ignoring_inline_asm
../Third_Party/FreeRTOS/portable/Common/mpu_wrappers.c:1069:18:MPU_ulTaskGenericNotifyValueClear	32	static,ignoring_inline_asm
../Third_Party/FreeRTOS/portable/Common/mpu_wrappers.c:858:22:MPU_xTaskGetCurrentTaskHandle	16	static,ignoring_inline_asm
../Third_Party/FreeRTOS/portable/Common/mpu_wrappers.c:908:10:MPU_vTaskSetTimeOutState	16	static,ignoring_inline_asm
../Third_Party/FreeRTOS/portable/Common/mpu_wrappers.c:928:16:MPU_xTaskCheckForTimeOut	24	static,ignoring_inline_asm
../Third_Party/FreeRTOS/portable/Common/mpu_wrappers.c:883:20:MPU_xTaskGetSchedulerState	16	static,ignoring_inline_asm
../Third_Party/FreeRTOS/portable/Common/mpu_wrappers.c:781:16:MPU_xTaskCatchUpTicks	24	static,ignoring_inline_asm
../Third_Party/FreeRTOS/portable/Common/mpu_wrappers.c:1179:16:MPU_xQueueGenericSend	32	static,ignoring_inline_asm
../Third_Party/FreeRTOS/portable/Common/mpu_wrappers.c:1254:16:MPU_xQueueReceive	32	static,ignoring_inline_asm
../Third_Party/FreeRTOS/portable/Common/mpu_wrappers.c:1280:16:MPU_xQueuePeek	32	static,ignoring_inline_asm
../Third_Party/FreeRTOS/portable/Common/mpu_wrappers.c:1306:16:MPU_xQueueSemaphoreTake	24	static,ignoring_inline_asm
../Third_Party/FreeRTOS/portable/Common/mpu_wrappers.c:1206:17:MPU_uxQueueMessagesWaiting	24	static,ignoring_inline_asm
../Third_Party/FreeRTOS/portable/Common/mpu_wrappers.c:1230:17:MPU_uxQueueSpacesAvailable	24	static,ignoring_inline_asm
../Third_Party/FreeRTOS/portable/Common/mpu_wrappers.c:1697:10:MPU_vQueueDelete	16	static,ignoring_inline_asm
../Third_Party/FreeRTOS/portable/Common/mpu_wrappers.c:1358:23:MPU_xQueueCreateMutex	24	static,ignoring_inline_asm
../Third_Party/FreeRTOS/portable/Common/mpu_wrappers.c:1411:23:MPU_xQueueCreateCountingSemaphore	24	static,ignoring_inline_asm
../Third_Party/FreeRTOS/portable/Common/mpu_wrappers.c:1332:22:MPU_xQueueGetMutexHolder	24	static,ignoring_inline_asm
../Third_Party/FreeRTOS/portable/Common/mpu_wrappers.c:1467:20:MPU_xQueueTakeMutexRecursive	24	static,ignoring_inline_asm
../Third_Party/FreeRTOS/portable/Common/mpu_wrappers.c:1494:20:MPU_xQueueGiveMutexRecursive	24	static,ignoring_inline_asm
../Third_Party/FreeRTOS/portable/Common/mpu_wrappers.c:1627:14:MPU_vQueueAddToRegistry	16	static,ignoring_inline_asm
../Third_Party/FreeRTOS/portable/Common/mpu_wrappers.c:1650:14:MPU_vQueueUnregisterQueue	16	static,ignoring_inline_asm
../Third_Party/FreeRTOS/portable/Common/mpu_wrappers.c:1672:22:MPU_pcQueueGetName	24	static,ignoring_inline_asm
../Third_Party/FreeRTOS/portable/Common/mpu_wrappers.c:1097:23:MPU_xQueueGenericCreate	32	static,ignoring_inline_asm
../Third_Party/FreeRTOS/portable/Common/mpu_wrappers.c:1154:16:MPU_xQueueGenericReset	24	static,ignoring_inline_asm
../Third_Party/FreeRTOS/portable/Common/mpu_wrappers.c:1718:16:MPU_pvTimerGetTimerID	24	static,ignoring_inline_asm
../Third_Party/FreeRTOS/portable/Common/mpu_wrappers.c:1744:14:MPU_vTimerSetTimerID	16	static,ignoring_inline_asm
../Third_Party/FreeRTOS/portable/Common/mpu_wrappers.c:1767:20:MPU_xTimerIsTimerActive	24	static,ignoring_inline_asm
../Third_Party/FreeRTOS/portable/Common/mpu_wrappers.c:1793:22:MPU_xTimerGetTimerDaemonTaskHandle	16	static,ignoring_inline_asm
../Third_Party/FreeRTOS/portable/Common/mpu_wrappers.c:1868:22:MPU_pcTimerGetName	24	static,ignoring_inline_asm
../Third_Party/FreeRTOS/portable/Common/mpu_wrappers.c:1819:14:MPU_vTimerSetReloadMode	16	static,ignoring_inline_asm
../Third_Party/FreeRTOS/portable/Common/mpu_wrappers.c:1842:21:MPU_uxTimerGetReloadMode	24	static,ignoring_inline_asm
../Third_Party/FreeRTOS/portable/Common/mpu_wrappers.c:1894:20:MPU_xTimerGetPeriod	24	static,ignoring_inline_asm
../Third_Party/FreeRTOS/portable/Common/mpu_wrappers.c:1920:20:MPU_xTimerGetExpiryTime	24	static,ignoring_inline_asm
../Third_Party/FreeRTOS/portable/Common/mpu_wrappers.c:1946:20:MPU_xTimerGenericCommand	40	static,ignoring_inline_asm
../Third_Party/FreeRTOS/portable/Common/mpu_wrappers.c:1976:28:MPU_xEventGroupCreate	16	static,ignoring_inline_asm
../Third_Party/FreeRTOS/portable/Common/mpu_wrappers.c:2027:17:MPU_xEventGroupWaitBits	40	static,ignoring_inline_asm
../Third_Party/FreeRTOS/portable/Common/mpu_wrappers.c:2055:17:MPU_xEventGroupClearBits	24	static,ignoring_inline_asm
../Third_Party/FreeRTOS/portable/Common/mpu_wrappers.c:2080:17:MPU_xEventGroupSetBits	24	static,ignoring_inline_asm
../Third_Party/FreeRTOS/portable/Common/mpu_wrappers.c:2105:17:MPU_xEventGroupSync	32	static,ignoring_inline_asm
../Third_Party/FreeRTOS/portable/Common/mpu_wrappers.c:2132:10:MPU_vEventGroupDelete	16	static,ignoring_inline_asm
../Third_Party/FreeRTOS/portable/Common/mpu_wrappers.c:2152:12:MPU_xStreamBufferSend	32	static,ignoring_inline_asm
../Third_Party/FreeRTOS/portable/Common/mpu_wrappers.c:2203:12:MPU_xStreamBufferReceive	32	static,ignoring_inline_asm
../Third_Party/FreeRTOS/portable/Common/mpu_wrappers.c:2179:12:MPU_xStreamBufferNextMessageLengthBytes	24	static,ignoring_inline_asm
../Third_Party/FreeRTOS/portable/Common/mpu_wrappers.c:2230:10:MPU_vStreamBufferDelete	16	static,ignoring_inline_asm
../Third_Party/FreeRTOS/portable/Common/mpu_wrappers.c:2250:16:MPU_xStreamBufferIsFull	24	static,ignoring_inline_asm
../Third_Party/FreeRTOS/portable/Common/mpu_wrappers.c:2274:16:MPU_xStreamBufferIsEmpty	24	static,ignoring_inline_asm
../Third_Party/FreeRTOS/portable/Common/mpu_wrappers.c:2298:16:MPU_xStreamBufferReset	24	static,ignoring_inline_asm
../Third_Party/FreeRTOS/portable/Common/mpu_wrappers.c:2322:12:MPU_xStreamBufferSpacesAvailable	24	static,ignoring_inline_asm
../Third_Party/FreeRTOS/portable/Common/mpu_wrappers.c:2345:12:MPU_xStreamBufferBytesAvailable	24	static,ignoring_inline_asm
../Third_Party/FreeRTOS/portable/Common/mpu_wrappers.c:2369:16:MPU_xStreamBufferSetTriggerLevel	24	static,ignoring_inline_asm
../Third_Party/FreeRTOS/portable/Common/mpu_wrappers.c:2395:30:MPU_xStreamBufferGenericCreate	40	static,ignoring_inline_asm
